
> giapha-os@0.1.0 build
> next build

â–² Next.js 16.2.0 (Turbopack)

  Creating an optimized production build ...

> Build error occurred
Error: Turbopack build failed with 1 errors:
./node_modules/fflate/lib/node.cjs:22:13
Module not found: Can't resolve <dynamic>
  20 | node_worker_1["default"] = Worker ? function (c, _, msg, transfer, cb) {
  21 |     var done = false;
> 22 |     var w = new Worker(c + workerAdd, { eval: true })
     |             ^^^^^^^^^^^^^^^^^^^^^^^^^^^^^^^^^^^^^^^^^
  23 |         .on('error', function (e) { return cb(e, null); })
  24 |         .on('message', function (m) { return cb(null, m); })
  25 |         .on('exit', function (c) {



Import trace:
  Client Component SSR:
    ./node_modules/fflate/lib/node.cjs [Client Component SSR]
    ./node_modules/jspdf/dist/jspdf.node.min.js [Client Component SSR]
    ./components/ExportButton.tsx [Client Component SSR]
    ./components/BaseToolbar.tsx [Client Component SSR]
    ./components/MindmapToolbar.tsx [Client Component SSR]
    ./components/MindmapTree.tsx [Client Component SSR]
    ./components/DashboardViews.tsx [Client Component SSR]
    ./components/DashboardViews.tsx [Server Component]
    ./app/dashboard/members/page.tsx [Server Component]

https://nextjs.org/docs/messages/module-not-found


    at <unknown> (https://nextjs.org/docs/messages/module-not-found)
